| deserialization.js:3:20:3:34 | req.params.data | Command Injection sink |
| deserialization.js:4:23:4:37 | req.params.data | Command Injection sink |
| deserialization.js:9:24:9:38 | req.params.data | Command Injection sink |
| deserialization.js:10:27:10:41 | req.params.data | Command Injection sink |
